// Jest Snapshot v1, https://goo.gl/fbAQLP

exports[`CurrentCity пустой список городов отображается корректно 1`] = `
<div
  className="city-list"
/>
`;

exports[`CurrentCity список городов отображается корректно 1`] = `
<div
  className="city-list"
>
  <Connect(CityListItem)
    city={
      Object {
        "city": "Moscow",
        "humidity": "86",
        "icon": "10",
        "lat": "60",
        "lon": "30",
        "main": "Rain",
        "pressure": "997",
        "temp": "2",
        "wind": "5",
      }
    }
    i={0}
    key="0"
  />
  <Connect(CityListItem)
    city={
      Object {
        "city": "London",
        "humidity": "86",
        "icon": "1",
        "lat": "20",
        "lon": "40",
        "main": "Rain",
        "pressure": "907",
        "temp": "20",
        "wind": "2",
      }
    }
    i={1}
    key="1"
  />
</div>
`;

exports[`FavoriteCities пустой список городов отображается корректно 1`] = `
<div
  className="city-list"
/>
`;

exports[`FavoriteCities список городов отображается корректно 1`] = `
<div
  className="city-list"
>
  <Connect(CityListItem)
    city={
      Object {
        "city": "Moscow",
        "humidity": "86",
        "icon": "10",
        "lat": "60",
        "lon": "30",
        "main": "Rain",
        "pressure": "997",
        "temp": "2",
        "wind": "5",
      }
    }
    i={0}
    key="0"
  />
  <Connect(CityListItem)
    city={
      Object {
        "city": "London",
        "humidity": "86",
        "icon": "1",
        "lat": "20",
        "lon": "40",
        "main": "Rain",
        "pressure": "907",
        "temp": "20",
        "wind": "2",
      }
    }
    i={1}
    key="1"
  />
</div>
`;
